<!DOCTYPE html>
<html xmlns="http://www.w3.org/1999/xhtml" dir="ltr">
  <head>
    <meta http-equiv="Content-Type" content="text/html; charset=UTF-8" />
    <title>[TEST] Sidekiq</title>
    <meta charset="utf-8" />
    <meta name="viewport" content="width=device-width,initial-scale=1.0" />
    <link href="/stylesheets/bootstrap.css" media="screen" rel="stylesheet" type="text/css" />
    <link href="/stylesheets/application.css" media="screen" rel="stylesheet" type="text/css" />
    <link rel="shortcut icon" type="image/ico" href="/images/favicon.ico" />
    <script type="text/javascript" src="/javascripts/application.js"></script>
    <meta name="google" content="notranslate" />
  </head>
  <body class="admin" data-poll-path="" data-locale="en">
    <div class="navbar navbar-default navbar-fixed-top">
  <div class="container-fluid">
    <div class="navbar-header" data-navbar="static">
      <button type="button" class="navbar-toggle collapsed" data-toggle="collapse" data-target="#navbar-menu">
        <span class="icon-bar"></span>
        <span class="icon-bar"></span>
        <span class="icon-bar"></span>
      </button>
      <div class="navbar-toggle collapsed navbar-livereload">
        
  
    <a id="live-poll" class="btn btn-primary" href="/cleaner/HardWorker/RuntimeError/1_hour?poll=true">Live Poll</a>
  


        
      </div>
      <a class="navbar-brand" href="/">
        Sidekiq
        <span class="status">
  <i class="status-sprite status-idle"></i>
  idle
</span>

      </a>
    </div>

    <div class="collapse navbar-collapse" id="navbar-menu">
      <ul class="nav navbar-nav" data-navbar="static"><li class="">
            <a href="/">Dashboard</a>
            </li>
          
        
          
            <li class="">
            <a href="/busy">Busy</a>
            </li>
          
        
          
            <li class="">
            <a href="/queues">Queues</a>
            </li>
          
        
          
            <li class="">
            <a href="/retries">Retries</a>
            </li>
          
        
          
            <li class="">
            <a href="/scheduled">Scheduled</a>
            </li>
          
        
          
            <li class="">
            <a href="/morgue">Dead</a>
            </li>
          
        

        
          <li class="active" data-navbar="custom-tab">
            <a href="/cleaner">Cleaner</a>
          </li>
        

        <li class="navbar-livereload">
          <div class="poll-wrapper">
            
  
    <a id="live-poll" class="btn btn-primary" href="/cleaner/HardWorker/RuntimeError/1_hour?poll=true">Live Poll</a>
  


            
          </div>
        </li>
      </ul></div>
  </div>
</div>

    <div id="page">
      <div class="container">
        <div class="row">
          <div class="col-sm-12 summary_bar">
            <ul class="list-unstyled summary row"><li class="processed col-sm-1">
    <span class="count">0</span>
    <span class="desc">Processed</span>
  </li>
  <li class="failed col-sm-1">
    <span class="count">0</span>
    <span class="desc">Failed</span>
  </li>
  <li class="busy col-sm-1">
    <a href="/busy">
      <span class="count">0</span>
      <span class="desc">Busy</span>
    </a>
  </li>
  <li class="enqueued col-sm-1">
    <a href="/queues">
      <span class="count">0</span>
      <span class="desc">Enqueued</span>
    </a>
  </li>
  <li class="retries col-sm-1">
    <a href="/retries">
      <span class="count">0</span>
      <span class="desc">Retries</span>
    </a>
  </li>
  <li class="scheduled col-sm-1">
    <a href="/scheduled">
      <span class="count">0</span>
      <span class="desc">Scheduled</span>
    </a>
  </li>
  <li class="dead col-sm-1">
    <a href="/morgue">
      <span class="count">4</span>
      <span class="desc">Dead</span>
    </a>
  </li>
</ul></div>

          <div class="col-sm-12">
            <header class="row head"><div class="col-sm-12">
    <h3><b>2</b> failures in <b>HardWorker</b> queue with <b>RuntimeError</b> exception in <b>1_hour</b></h3>
  </div>
  <div class="col-sm-12">
      
  </div>
  
</header><form action="/cleaner" method="post">
      <input type="hidden" name="authenticity_token" value="" /><table class="table table-striped table-bordered table-white"><thead><tr><th width="20px" class="table-checkbox">
              <label>
                <input type="checkbox" class="check_all" /></label>
            </th>
            <th width="25%">Last Retry</th>
            <th>Queue</th>
            <th>Worker</th>
            <th>Arguments</th>
            <th>Error</th>
          </tr></thead><tr><td class="table-checkbox">
                <label>
                  <input type="checkbox" name="key[]" value="1544993820.0-4416aa76eb8cf03f56a49220" /></label>
              </td>
              <td>
                <a href="/morgue/1544993820.0-4416aa76eb8cf03f56a49220"><time class="ltr" dir="ltr" title="2018-12-16T20:57:00Z" datetime="2018-12-16T20:57:00Z">2018-12-16 20:57:00 UTC</time></a>
              </td>
              <td>
                <a href="/queues/foo">foo</a>
              </td>
              <td>HardWorker</td>
              <td>
                <div class="args">"asdf", 1234</div>
              </td>
              <td>
                <div>RuntimeError: Some fake message</div>
              </td>
            </tr><tr><td class="table-checkbox">
                <label>
                  <input type="checkbox" name="key[]" value="1544993820.0-34e79a46b1956d3a1180767b" /></label>
              </td>
              <td>
                <a href="/morgue/1544993820.0-34e79a46b1956d3a1180767b"><time class="ltr" dir="ltr" title="2018-12-16T20:57:00Z" datetime="2018-12-16T20:57:00Z">2018-12-16 20:57:00 UTC</time></a>
              </td>
              <td>
                <a href="/queues/foo">foo</a>
              </td>
              <td>HardWorker</td>
              <td>
                <div class="args">"asdf", 1234</div>
              </td>
              <td>
                <div>RuntimeError: Some fake message</div>
              </td>
            </tr></table><input class="btn btn-primary btn-xs pull-left" type="submit" name="retry" value="Retry Now" /><input class="btn btn-danger btn-xs pull-left" type="submit" name="delete" value="Delete" /></form>

    <form action="/cleaner/HardWorker/RuntimeError/1_hour/delete" method="post">
      <input class="btn btn-danger btn-xs pull-right" type="submit" name="delete" value="Delete All" data-confirm="Are you sure?" /></form>
    <form action="/cleaner/HardWorker/RuntimeError/1_hour/retry" method="post">
      <input class="btn btn-danger btn-xs pull-right" type="submit" name="retry" value="Retry All" data-confirm="Are you sure?" /></form>


          </div>
        </div>
      </div>
    </div>
    <div class="navbar navbar-fixed-bottom navbar-inverse ltr">
  <div class="navbar-inner">
    <div class="container text-center">
        <ul class="nav"><li>
            <p class="navbar-text product-version">Sidekiq v*EXCLUDED*</p>
          </li>
          <li>
            <p class="navbar-text redis-url" title="redis://127.0.0.1:6379/0">redis://127.0.0.1:6379/0</p>
          </li>
          <li>
            <p class="navbar-text server-utc-time">20:57:00 UTC</p>
          </li>
          <li>
            <p class="navbar-text"><a style="color: gray;" href="https://github.com/mperham/sidekiq/wiki">docs</a></p>
          </li>
        </ul></div>
  </div>
</div>

  </body>
</html>
